// Jest Snapshot v1, https://goo.gl/fbAQLP

exports[`Counter Component renders without crashing 1`] = `
<div
  style={
    Object {
      "paddingTop": "20px",
    }
  }
>
  <h2
    className="ui header"
  >
    <i
      aria-hidden="true"
      className="stopwatch icon"
    />
     
    10
  </h2>
  <button
    className="ui primary button"
    disabled={undefined}
    onClick={[Function]}
    role="button"
    tabIndex={undefined}
  >
    Increase
  </button>
</div>
`;
